// Jest Snapshot v1, https://goo.gl/fbAQLP

exports[`should render ExpensesSummary correctly 1`] = `
<div>
  <h3>
    ExpensesSummary
  </h3>
  <p>
    Viewing 
     expenses totalling 
  </p>
</div>
`;
