// Jest Snapshot v1, https://goo.gl/fbAQLP

exports[`should render ExpenseList with values 1`] = `
<div>
  <h3>
    <Link
      replace={false}
      to="/edit/1"
    >
      Gum
    </Link>
  </h3>
  <p>
    amount: 
    195
  </p>
  <p>
    note: 
  </p>
  <p>
    createdAt: 
    0
  </p>
  <hr />
</div>
`;
